// Jest Snapshot v1, https://goo.gl/fbAQLP

exports[`<SignInForm> matches the snapshot 1`] = `
<div
  className="row footer-container"
>
  <div
    className="col-md-4 col-xs-12 footer"
  >
    <div
      className="footer__border"
    >
      <img
        alt="iphone6"
        className="footer__img img-responsive"
        src="footer-icon.png"
      />
    </div>
    <p
      className="footer__name"
    >
      iPhone 6 Black
    </p>
    <p
      className="footer__price"
    >
      aed 1000
    </p>
  </div>
  <div
    className="col-md-4 col-xs-12 footer"
  >
    <div
      className="footer__border"
    >
      <img
        alt="iphone7"
        className="footer__img img-responsive"
        src="footer-icon.png"
      />
    </div>
    <p
      className="footer__name"
    >
      iPhone 7 Black
    </p>
    <p
      className="footer__price"
    >
      aed 2000
    </p>
  </div>
  <div
    className="col-md-4 col-xs-12 footer"
  >
    <div
      className="footer__border"
    >
      <img
        alt="iphone8"
        className="footer__img img-responsive"
        src="footer-icon.png"
      />
    </div>
    <p
      className="footer__name"
    >
      iPhone 8 Black
    </p>
    <p
      className="footer__price"
    >
      aed 3000
    </p>
  </div>
</div>
`;
